Product: 7ca41468-a526-44db-8219-0490604f7c90 - Stock: 5
Sending payload: {
  "user_id": null,
  "items": [
    {
      "product_id": "7ca41468-a526-44db-8219-0490604f7c90",
      "quantity": 1,
      "price": 2.0
    }
  ],
  "total_amount": 2.0,
  "shipping_address": {
    "fullName": "Test User",
    "email": "test@example.com",
    "address": "123 Street",
    "city": "Test City",
    "zipCode": "12345"
  },
  "payment_method": "Card"
}
Status: 500
Response: Internal Server Error
